sntp.c:276:1:sntp_format_time	24	static
sntp.c:288:1:sntp_process	48	static
sntp.c:340:1:sntp_initialize_request	16	static
sntp.c:370:1:sntp_retry	24	static
sntp.c:440:1:sntp_recv	40	static
sntp.c:544:1:sntp_send_request	24	static
sntp.c:607:1:sntp_request	24	static
sntp.c:652:1:sntp_init	8	static
sntp.c:691:1:sntp_stop	16	static
sntp.c:712:6:sntp_enabled	4	static
sntp.c:723:1:sntp_setoperatingmode	16	static
sntp.c:736:1:sntp_getoperatingmode	4	static
sntp.c:749:1:sntp_getreachability	16	static
sntp.c:782:1:sntp_setserver	16	static
sntp.c:860:1:sntp_getserver	16	static
