sntp.c:274:1:sntp_format_time	24	static
sntp.c:286:1:sntp_process	48	static
sntp.c:336:1:sntp_initialize_request	16	static
sntp.c:366:1:sntp_retry	24	static
sntp.c:436:1:sntp_recv	40	static
sntp.c:540:1:sntp_send_request	24	static
sntp.c:603:1:sntp_request	24	static
sntp.c:648:1:sntp_init	8	static
sntp.c:687:1:sntp_stop	16	static
sntp.c:708:6:sntp_enabled	4	static
sntp.c:719:1:sntp_setoperatingmode	16	static
sntp.c:732:1:sntp_getoperatingmode	4	static
sntp.c:745:1:sntp_getreachability	16	static
sntp.c:778:1:sntp_setserver	16	static
sntp.c:856:1:sntp_getserver	16	static
