fsl_gpio.h:155:20:GPIO_PinWrite	32	static
fsl_gpio.h:216:24:GPIO_PinRead	16	static
eink_control.c:81:6:SysTick_DelayTicks	16	static
eink_control.c:90:6:spiInit	48	static
eink_control.c:129:6:spiWrite8	32	static
eink_control.c:147:6:einkReset	8	static
eink_control.c:156:6:einkSleep	8	static
eink_control.c:166:6:einkSendCommand	16	static
eink_control.c:175:6:einkSendData	16	static
eink_control.c:184:6:einkWaitUntilIdle	16	static
eink_control.c:199:6:einkSetLut	16	static
eink_control.c:230:6:einkClearFrame	16	static
eink_control.c:258:5:einkDisplayFrameFromBufferNonBlocking	24	static
eink_control.c:301:6:einkDisplayFrameFromBufferBlocking	24	static
eink_control.c:337:6:einkDisplayFrameFromSRAM	8	static
eink_control.c:344:6:einkSetRefreshMode	16	static
eink_control.c:359:6:einkInit	8	static
eink_control.c:437:6:paintClear	24	static
eink_control.c:452:6:paintDrawAbsolutePixel	24	static
eink_control.c:474:6:paintDrawPixel	32	static
eink_control.c:510:6:paintDrawChar	56	static
eink_control.c:538:6:paintDrawString	56	static
