fsl_gpio.h:155:20:GPIO_PinWrite	32	static
fsl_gpio.h:216:24:GPIO_PinRead	16	static
eink_control.c:80:6:SysTick_DelayTicks	16	static
eink_control.c:89:6:spiInit	48	static
eink_control.c:128:6:spiWrite8	32	static
eink_control.c:146:6:einkReset	8	static
eink_control.c:155:6:einkSleep	8	static
eink_control.c:165:6:einkSendCommand	16	static
eink_control.c:174:6:einkSendData	16	static
eink_control.c:183:6:einkWaitUntilIdle	16	static
eink_control.c:198:6:einkSetLut	16	static
eink_control.c:229:6:einkClearFrame	16	static
eink_control.c:257:5:einkDisplayFrameFromBufferNonBlocking	24	static
eink_control.c:300:6:einkDisplayFrameFromBufferBlocking	24	static
eink_control.c:336:6:einkDisplayFrameFromSRAM	8	static
eink_control.c:346:6:einkInit	8	static
eink_control.c:424:6:paintClear	24	static
eink_control.c:439:6:paintDrawAbsolutePixel	24	static
eink_control.c:461:6:paintDrawPixel	32	static
eink_control.c:497:6:paintDrawChar	56	static
eink_control.c:525:6:paintDrawString	56	static
